2026-03-03 00:30:44,027 - INFO - OperationLogger - [SERVICE_INIT] OperationLogger initialized
2026-03-03 00:30:44,027 - INFO - TradingLogger - [SERVICE_INIT] TradingLogger initialized
[BACKTEST] Time and Sleep have been successfully mocked.

==================================================
INITIALIZING BACKTEST: OHLC
==================================================

1970-01-01 08:00:00,000 - INFO - OperationLogger.src.pipeline.data_pipeline - [DataPipeline_DATA_PIPELINE] [COMPONENT_INIT] DATA_PIPELINE | Status: active
1970-01-01 08:00:00,000 - INFO - OperationLogger.src.pipeline.signal_pipeline - [SignalPipeline_SIGNAL_PIPELINE] [COMPONENT_INIT] SIGNAL_PIPELINE | Status: active
1970-01-01 08:00:00,000 - INFO - OperationLogger.src.interfaces.pipeline_interface - [PipelineController_PIPELINE_CONTROLLER] [SERVICE_INIT] PIPELINE_CONTROLLER initialized
1970-01-01 08:00:00,000 - INFO - OperationLogger.src.interfaces.pipeline_interface - [PipelineController_PIPELINE_CONTROLLER] [SERVICE_INIT] PIPELINE_CONTROLLER initialized
1970-01-01 08:00:00,000 - INFO - OperationLogger.src.data.data_manager - [DataManager_BACKTEST_DATA_MANAGER] [THREAD_START] resize_df | Status: running
1970-01-01 08:00:00,000 - INFO - OperationLogger.src.data.data_manager - [DataManager_BACKTEST_DATA_MANAGER] [THREAD_START] resize_df | Status: running
1970-01-01 08:00:00,000 - INFO - OperationLogger.src.data.data_collector - [DataCollector_DATA_COLLECTOR] [THREAD_START] price_data_fetch | Status: running
1970-01-01 08:00:00,000 - INFO - OperationLogger.src.data.data_collector - [DataCollector_DATA_COLLECTOR] [THREAD_START] price_data_fetch | Status: running
1970-01-01 08:00:00,000 - INFO - OperationLogger.src.data.data_processor - [DataProcessor_DATA_PROCESSOR] [THREAD_START] index_thread | Status: running
1970-01-01 08:00:00,000 - INFO - OperationLogger.src.data.data_processor - [DataProcessor_DATA_PROCESSOR] [THREAD_START] index_thread | Status: running
1970-01-01 08:00:00,000 - INFO - OperationLogger.src.data.data_processor - [DataProcessor_DATA_PROCESSOR] [DATA_INIT] DATA_PROCESSOR | Status: ready
1970-01-01 08:00:00,000 - INFO - OperationLogger.src.data.data_manager - [DataManager_BACKTEST_DATA_MANAGER] [DATA_INIT] BACKTEST_DATA_MANAGER | Status: ready
1970-01-01 08:00:00,000 - INFO - OperationLogger.src.strategy.strategy_fetcher - [StrategyFetcher_STRATEGY_FETCHER] [STRATEGY_LOAD] Count: 14 | Source: config/strategies.json
1970-01-01 08:00:00,000 - INFO - OperationLogger.src.strategy.strategy_manager - [StrategyManager_STRATEGY_MANAGER] [THREAD_START] golden_cross_signal_generator | Status: ready
1970-01-01 08:00:00,000 - INFO - OperationLogger.src.strategy.strategy_manager - [StrategyManager_STRATEGY_MANAGER] [THREAD_START] death_cross_signal_generator | Status: ready
1970-01-01 08:00:00,000 - INFO - OperationLogger.src.strategy.strategy_manager - [StrategyManager_STRATEGY_MANAGER] [THREAD_START] ema_trend_follow_signal_generator | Status: ready
1970-01-01 08:00:00,000 - INFO - OperationLogger.src.strategy.strategy_manager - [StrategyManager_STRATEGY_MANAGER] [THREAD_START] ema_trend_follow_sell_signal_generator | Status: ready
1970-01-01 08:00:00,000 - INFO - OperationLogger.src.strategy.strategy_manager - [StrategyManager_STRATEGY_MANAGER] [THREAD_START] price_moving_average_buy_signal_generator | Status: ready
1970-01-01 08:00:00,000 - INFO - OperationLogger.src.strategy.strategy_manager - [StrategyManager_STRATEGY_MANAGER] [THREAD_START] price_moving_average_sell_signal_generator | Status: ready
1970-01-01 08:00:00,000 - INFO - OperationLogger.src.strategy.strategy_manager - [StrategyManager_STRATEGY_MANAGER] [THREAD_START] ema_sma_divergence_signal_generator | Status: ready
1970-01-01 08:00:00,000 - INFO - OperationLogger.src.strategy.strategy_manager - [StrategyManager_STRATEGY_MANAGER] [THREAD_START] StrategyManager_StatusLogger | Status: ready
1970-01-01 08:00:00,000 - INFO - OperationLogger.src.strategy.strategy_manager - [THREAD_START] golden_cross_signal_generator | Status: running
1970-01-01 08:00:00,000 - INFO - OperationLogger.src.strategy.strategy_manager - [THREAD_START] death_cross_signal_generator | Status: running
1970-01-01 08:00:00,000 - INFO - OperationLogger.src.strategy.strategy_manager - [THREAD_START] ema_trend_follow_signal_generator | Status: running
1970-01-01 08:00:00,000 - INFO - OperationLogger.src.strategy.strategy_manager - [THREAD_START] ema_trend_follow_sell_signal_generator | Status: running
1970-01-01 08:00:00,000 - INFO - OperationLogger.src.strategy.strategy_manager - [THREAD_START] price_moving_average_buy_signal_generator | Status: running
1970-01-01 08:00:00,000 - INFO - OperationLogger.src.strategy.strategy_manager - [THREAD_START] price_moving_average_sell_signal_generator | Status: running
1970-01-01 08:00:00,000 - INFO - OperationLogger.src.strategy.strategy_manager - [THREAD_START] ema_sma_divergence_signal_generator | Status: running
1970-01-01 08:00:00,000 - INFO - OperationLogger.src.strategy.strategy_manager - [THREAD_START] StrategyManager_StatusLogger | Status: running
1970-01-01 08:00:00,000 - INFO - OperationLogger.src.strategy.strategy_manager - [StrategyManager_STRATEGY_MANAGER] [STRATEGY_INIT] STRATEGY_MANAGER | Global Period: 0.75 s| Status: ready
1970-01-01 08:00:00,000 - INFO - OperationLogger.src.trading.signal_generator - [SignalGenerator_BACKTEST_SIGNAL_GEN] [THREAD_START] index_data_getter | Status: ready
1970-01-01 08:00:00,000 - INFO - OperationLogger.src.trading.signal_generator - [SignalGenerator_BACKTEST_SIGNAL_GEN] [THREAD_START] status_logger | Status: ready
1970-01-01 08:00:00,000 - INFO - OperationLogger.src.trading.signal_generator - [SignalGenerator_BACKTEST_SIGNAL_GEN] [THREAD_START] index_data_getter | Status: running
1970-01-01 08:00:00,000 - INFO - OperationLogger.src.trading.signal_generator - [SignalGenerator_BACKTEST_SIGNAL_GEN] [THREAD_START] status_logger | Status: running
1970-01-01 08:00:00,000 - INFO - OperationLogger.src.trading.signal_generator - [SignalGenerator_BACKTEST_SIGNAL_GEN] [COMPONENT_INIT] BACKTEST_SIGNAL_GEN | Status: ready
1970-01-01 08:00:00,000 - INFO - OperationLogger.src.trading.trade_manager - [TradeManager_BACKTEST_TRADE_MANAGER] [THREAD_START] Thread-Get-Signal | Status: running
1970-01-01 08:00:00,000 - INFO - OperationLogger.src.trading.trade_manager - [TradeManager_BACKTEST_TRADE_MANAGER] [THREAD_START] Thread-Decide-Trade | Status: running
1970-01-01 08:00:00,000 - INFO - OperationLogger.src.trading.trade_manager - [TradeManager_BACKTEST_TRADE_MANAGER] [THREAD_START] Thread-Log-Status | Status: running
1970-01-01 08:00:00,000 - INFO - OperationLogger.src.trading.trade_manager - [TradeManager_BACKTEST_TRADE_MANAGER] [INIT_COMPLETE] Ready | Pair: BTC/USDT | Leverage: 10 | Window: 120000ms

[RUNNING] Pumping data...
2020-09-13 20:26:42,000 - INFO - OperationLogger.src.data.data_manager - [DataManager_BACKTEST_DATA_MANAGER] [DATA_CLEANUP] Action: skipped | Rows: 2 | All within 1h retention window
2020-09-13 20:27:13,000 - INFO - OperationLogger.src.strategy.strategy_manager - [StrategyManager_STRATEGY_MANAGER] [STRATEGY_STATS] No signals generated in last interval.
2020-09-13 20:27:13,000 - INFO - OperationLogger.src.trading.signal_generator - [SignalGenerator_BACKTEST_SIGNAL_GEN] [STATUS_HEARTBEAT] Indicators: SMA: FRESH (0ms ago) | EMA: FRESH (0ms ago) | PRICE: FRESH (0ms ago)
2020-09-13 20:27:14,000 - INFO - OperationLogger.src.trading.trade_manager - [TradeManager_BACKTEST_TRADE_MANAGER] [STATUS_HEARTBEAT] Position: None | 120.0 s History: 0 signals | 60.0 s Density: 0 signals | 24.0 s Density: 0 signals | Last Trade: N/A ms ago
2020-09-13 20:27:18,000 - INFO - OperationLogger.src.strategy.strategy_manager - [StrategyManager_STRATEGY_MANAGER] [STRATEGY_STATS] No signals generated in last interval.
2020-09-13 20:27:20,000 - INFO - OperationLogger.src.trading.trade_manager - [TradeManager_BACKTEST_TRADE_MANAGER] [STATUS_HEARTBEAT] Position: None | 120.0 s History: 0 signals | 60.0 s Density: 0 signals | 24.0 s Density: 0 signals | Last Trade: N/A ms ago
2020-09-13 20:27:20,000 - INFO - OperationLogger.src.trading.signal_generator - [SignalGenerator_BACKTEST_SIGNAL_GEN] [STATUS_HEARTBEAT] Indicators: SMA: FRESH (2000ms ago) | EMA: FRESH (2000ms ago) | PRICE: FRESH (3000ms ago)
2020-09-13 20:27:23,000 - INFO - OperationLogger.src.strategy.strategy_manager - [StrategyManager_STRATEGY_MANAGER] [STRATEGY_STATS] No signals generated in last interval.
2020-09-13 20:27:23,000 - INFO - OperationLogger.src.trading.trade_manager - [TradeManager_BACKTEST_TRADE_MANAGER] [STATUS_HEARTBEAT] Position: None | 120.0 s History: 0 signals | 60.0 s Density: 0 signals | 24.0 s Density: 0 signals | Last Trade: N/A ms ago
2020-09-13 20:27:24,000 - INFO - OperationLogger.src.trading.signal_generator - [SignalGenerator_BACKTEST_SIGNAL_GEN] [STATUS_HEARTBEAT] Indicators: SMA: FRESH (1000ms ago) | EMA: FRESH (1000ms ago) | PRICE: FRESH (1000ms ago)
2020-09-13 20:27:29,000 - INFO - OperationLogger.src.strategy.strategy_manager - [StrategyManager_STRATEGY_MANAGER] [STRATEGY_STATS] No signals generated in last interval.
2020-09-13 20:27:29,000 - INFO - OperationLogger.src.trading.trade_manager - [TradeManager_BACKTEST_TRADE_MANAGER] [STATUS_HEARTBEAT] Position: None | 120.0 s History: 0 signals | 60.0 s Density: 0 signals | 24.0 s Density: 0 signals | Last Trade: N/A ms ago
2020-09-13 20:27:29,000 - INFO - OperationLogger.src.trading.signal_generator - [SignalGenerator_BACKTEST_SIGNAL_GEN] [STATUS_HEARTBEAT] Indicators: SMA: FRESH (0ms ago) | EMA: FRESH (1000ms ago) | PRICE: FRESH (1000ms ago)
2020-09-13 20:27:33,000 - INFO - OperationLogger.src.strategy.strategy_manager - [StrategyManager_STRATEGY_MANAGER] [STRATEGY_STATS] No signals generated in last interval.
2020-09-13 20:27:33,000 - INFO - OperationLogger.src.trading.trade_manager - [TradeManager_BACKTEST_TRADE_MANAGER] [STATUS_HEARTBEAT] Position: None | 120.0 s History: 0 signals | 60.0 s Density: 0 signals | 24.0 s Density: 0 signals | Last Trade: N/A ms ago
2020-09-13 20:27:34,000 - INFO - OperationLogger.src.trading.signal_generator - [SignalGenerator_BACKTEST_SIGNAL_GEN] [STATUS_HEARTBEAT] Indicators: SMA: FRESH (1000ms ago) | EMA: FRESH (1000ms ago) | PRICE: FRESH (1000ms ago)
2020-09-13 20:27:37,000 - INFO - OperationLogger.src.strategy.strategy_manager - [StrategyManager_STRATEGY_MANAGER] [STRATEGY_STATS] Signal Counts (1m): ema_sma_divergence: 1
2020-09-13 20:27:38,000 - INFO - OperationLogger.src.trading.trade_manager - [TradeManager_BACKTEST_TRADE_MANAGER] [STATUS_HEARTBEAT] Position: None | 120.0 s History: 0 signals | 60.0 s Density: 0 signals | 24.0 s Density: 0 signals | Last Trade: N/A ms ago
2020-09-13 20:27:42,000 - INFO - OperationLogger.src.trading.signal_generator - [SignalGenerator_BACKTEST_SIGNAL_GEN] [STATUS_HEARTBEAT] Indicators: SMA: FRESH (1000ms ago) | EMA: FRESH (1000ms ago) | PRICE: FRESH (2000ms ago)
2020-09-13 20:27:43,000 - INFO - OperationLogger.src.strategy.strategy_manager - [StrategyManager_STRATEGY_MANAGER] [STRATEGY_STATS] Signal Counts (1m): ema_sma_divergence: 1
2020-09-13 20:27:44,000 - INFO - OperationLogger.src.trading.trade_manager - [TradeManager_BACKTEST_TRADE_MANAGER] [STATUS_HEARTBEAT] Position: None | 120.0 s History: 0 signals | 60.0 s Density: 0 signals | 24.0 s Density: 0 signals | Last Trade: N/A ms ago
2020-09-13 20:27:47,000 - INFO - OperationLogger.src.trading.signal_generator - [SignalGenerator_BACKTEST_SIGNAL_GEN] [STATUS_HEARTBEAT] Indicators: SMA: FRESH (1000ms ago) | EMA: FRESH (1000ms ago) | PRICE: FRESH (2000ms ago)
2020-09-13 20:27:49,000 - INFO - OperationLogger.src.strategy.strategy_manager - [StrategyManager_STRATEGY_MANAGER] [STRATEGY_STATS] Signal Counts (1m): ema_sma_divergence: 1
2020-09-13 20:27:49,000 - INFO - OperationLogger.src.trading.trade_manager - [TradeManager_BACKTEST_TRADE_MANAGER] [STATUS_HEARTBEAT] Position: None | 120.0 s History: 0 signals | 60.0 s Density: 0 signals | 24.0 s Density: 0 signals | Last Trade: N/A ms ago
2020-09-13 20:27:53,000 - INFO - OperationLogger.src.trading.signal_generator - [SignalGenerator_BACKTEST_SIGNAL_GEN] [STATUS_HEARTBEAT] Indicators: SMA: FRESH (1000ms ago) | EMA: FRESH (2000ms ago) | PRICE: FRESH (2000ms ago)
2020-09-13 20:27:54,000 - INFO - OperationLogger.src.strategy.strategy_manager - [StrategyManager_STRATEGY_MANAGER] [STRATEGY_STATS] No signals generated in last interval.
2020-09-13 20:27:54,000 - INFO - OperationLogger.src.trading.trade_manager - [TradeManager_BACKTEST_TRADE_MANAGER] [STATUS_HEARTBEAT] Position: None | 120.0 s History: 0 signals | 60.0 s Density: 0 signals | 24.0 s Density: 0 signals | Last Trade: N/A ms ago
2020-09-13 20:27:58,000 - INFO - OperationLogger.src.trading.signal_generator - [SignalGenerator_BACKTEST_SIGNAL_GEN] [STATUS_HEARTBEAT] Indicators: SMA: FRESH (1000ms ago) | EMA: FRESH (1000ms ago) | PRICE: FRESH (2000ms ago)
2020-09-13 20:28:00,000 - INFO - OperationLogger.src.strategy.strategy_manager - [StrategyManager_STRATEGY_MANAGER] [STRATEGY_STATS] Signal Counts (1m): ema_sma_divergence: 1
2020-09-13 20:28:00,000 - INFO - OperationLogger.src.trading.trade_manager - [TradeManager_BACKTEST_TRADE_MANAGER] [STATUS_HEARTBEAT] Position: None | 120.0 s History: 0 signals | 60.0 s Density: 0 signals | 24.0 s Density: 0 signals | Last Trade: N/A ms ago
2020-09-13 20:28:03,000 - INFO - OperationLogger.src.trading.signal_generator - [SignalGenerator_BACKTEST_SIGNAL_GEN] [STATUS_HEARTBEAT] Indicators: SMA: FRESH (0ms ago) | EMA: FRESH (1000ms ago) | PRICE: FRESH (1000ms ago)
2020-09-13 20:28:04,000 - INFO - OperationLogger.src.strategy.strategy_manager - [StrategyManager_STRATEGY_MANAGER] [STRATEGY_STATS] Signal Counts (1m): ema_sma_divergence: 1
2020-09-13 20:28:05,000 - INFO - OperationLogger.src.trading.trade_manager - [TradeManager_BACKTEST_TRADE_MANAGER] [STATUS_HEARTBEAT] Position: None | 120.0 s History: 0 signals | 60.0 s Density: 0 signals | 24.0 s Density: 0 signals | Last Trade: N/A ms ago
2020-09-13 20:28:10,000 - INFO - OperationLogger.src.trading.signal_generator - [SignalGenerator_BACKTEST_SIGNAL_GEN] [STATUS_HEARTBEAT] Indicators: SMA: FRESH (1000ms ago) | EMA: FRESH (1000ms ago) | PRICE: FRESH (2000ms ago)
2020-09-13 20:28:10,000 - INFO - OperationLogger.src.strategy.strategy_manager - [StrategyManager_STRATEGY_MANAGER] [STRATEGY_STATS] Signal Counts (1m): ema_sma_divergence: 1
2020-09-13 20:28:10,000 - INFO - OperationLogger.src.trading.trade_manager - [TradeManager_BACKTEST_TRADE_MANAGER] [STATUS_HEARTBEAT] Position: None | 120.0 s History: 0 signals | 60.0 s Density: 0 signals | 24.0 s Density: 0 signals | Last Trade: N/A ms ago
2020-09-13 20:28:16,000 - INFO - OperationLogger.src.trading.signal_generator - [SignalGenerator_BACKTEST_SIGNAL_GEN] [STATUS_HEARTBEAT] Indicators: SMA: FRESH (1000ms ago) | EMA: FRESH (1000ms ago) | PRICE: FRESH (1000ms ago)
2020-09-13 20:28:16,000 - INFO - OperationLogger.src.strategy.strategy_manager - [StrategyManager_STRATEGY_MANAGER] [STRATEGY_STATS] Signal Counts (1m): ema_sma_divergence: 1
2020-09-13 20:28:16,000 - INFO - OperationLogger.src.trading.trade_manager - [TradeManager_BACKTEST_TRADE_MANAGER] [STATUS_HEARTBEAT] Position: None | 120.0 s History: 0 signals | 60.0 s Density: 0 signals | 24.0 s Density: 0 signals | Last Trade: N/A ms ago
2020-09-13 20:28:22,000 - INFO - OperationLogger.src.strategy.strategy_manager - [StrategyManager_STRATEGY_MANAGER] [STRATEGY_STATS] Signal Counts (1m): ema_sma_divergence: 1
2020-09-13 20:28:22,000 - INFO - OperationLogger.src.trading.trade_manager - [TradeManager_BACKTEST_TRADE_MANAGER] [STATUS_HEARTBEAT] Position: None | 120.0 s History: 0 signals | 60.0 s Density: 0 signals | 24.0 s Density: 0 signals | Last Trade: N/A ms ago
2020-09-13 20:28:22,000 - INFO - OperationLogger.src.trading.signal_generator - [SignalGenerator_BACKTEST_SIGNAL_GEN] [STATUS_HEARTBEAT] Indicators: SMA: FRESH (0ms ago) | EMA: FRESH (2000ms ago) | PRICE: FRESH (2000ms ago)
2020-09-13 20:28:34,000 - INFO - OperationLogger.src.strategy.strategy_manager - [StrategyManager_STRATEGY_MANAGER] [STRATEGY_STATS] Signal Counts (1m): ema_sma_divergence: 2
2020-09-13 20:28:36,000 - INFO - OperationLogger.src.trading.trade_manager - [TradeManager_BACKTEST_TRADE_MANAGER] [STATUS_HEARTBEAT] Position: None | 120.0 s History: 0 signals | 60.0 s Density: 0 signals | 24.0 s Density: 0 signals | Last Trade: N/A ms ago
2020-09-13 20:28:36,000 - INFO - OperationLogger.src.trading.signal_generator - [SignalGenerator_BACKTEST_SIGNAL_GEN] [STATUS_HEARTBEAT] Indicators: SMA: FRESH (0ms ago) | EMA: FRESH (0ms ago) | PRICE: FRESH (0ms ago)
2020-09-13 20:28:44,000 - INFO - OperationLogger.src.strategy.strategy_manager - [StrategyManager_STRATEGY_MANAGER] [STRATEGY_STATS] Signal Counts (1m): ema_sma_divergence: 1
2020-09-13 20:28:44,000 - INFO - OperationLogger.src.trading.trade_manager - [TradeManager_BACKTEST_TRADE_MANAGER] [STATUS_HEARTBEAT] Position: None | 120.0 s History: 0 signals | 60.0 s Density: 0 signals | 24.0 s Density: 0 signals | Last Trade: N/A ms ago
2020-09-13 20:28:44,000 - INFO - OperationLogger.src.trading.signal_generator - [SignalGenerator_BACKTEST_SIGNAL_GEN] [STATUS_HEARTBEAT] Indicators: SMA: FRESH (1000ms ago) | EMA: FRESH (3000ms ago) | PRICE: FRESH (3000ms ago)
2020-09-13 20:28:48,000 - INFO - OperationLogger.src.strategy.strategy_manager - [StrategyManager_STRATEGY_MANAGER] [STRATEGY_STATS] Signal Counts (1m): ema_sma_divergence: 1
2020-09-13 20:28:50,000 - INFO - OperationLogger.src.trading.trade_manager - [TradeManager_BACKTEST_TRADE_MANAGER] [STATUS_HEARTBEAT] Position: None | 120.0 s History: 0 signals | 60.0 s Density: 0 signals | 24.0 s Density: 0 signals | Last Trade: N/A ms ago
2020-09-13 20:28:50,000 - INFO - OperationLogger.src.trading.signal_generator - [SignalGenerator_BACKTEST_SIGNAL_GEN] [STATUS_HEARTBEAT] Indicators: SMA: FRESH (1000ms ago) | EMA: FRESH (2000ms ago) | PRICE: FRESH (2000ms ago)
2020-09-13 20:28:54,000 - INFO - OperationLogger.src.strategy.strategy_manager - [StrategyManager_STRATEGY_MANAGER] [STRATEGY_STATS] Signal Counts (1m): ema_sma_divergence: 1
2020-09-13 20:28:54,000 - INFO - OperationLogger.src.trading.trade_manager - [TradeManager_BACKTEST_TRADE_MANAGER] [STATUS_HEARTBEAT] Position: None | 120.0 s History: 0 signals | 60.0 s Density: 0 signals | 24.0 s Density: 0 signals | Last Trade: N/A ms ago
2020-09-13 20:28:55,000 - INFO - OperationLogger.src.trading.signal_generator - [SignalGenerator_BACKTEST_SIGNAL_GEN] [STATUS_HEARTBEAT] Indicators: SMA: FRESH (1000ms ago) | EMA: FRESH (1000ms ago) | PRICE: FRESH (2000ms ago)
2020-09-13 20:28:59,000 - INFO - OperationLogger.src.strategy.strategy_manager - [StrategyManager_STRATEGY_MANAGER] [STRATEGY_STATS] Signal Counts (1m): ema_sma_divergence: 1
2020-09-13 20:28:59,000 - INFO - OperationLogger.src.trading.trade_manager - [TradeManager_BACKTEST_TRADE_MANAGER] [STATUS_HEARTBEAT] Position: None | 120.0 s History: 0 signals | 60.0 s Density: 0 signals | 24.0 s Density: 0 signals | Last Trade: N/A ms ago
2020-09-13 20:29:01,000 - INFO - OperationLogger.src.trading.signal_generator - [SignalGenerator_BACKTEST_SIGNAL_GEN] [STATUS_HEARTBEAT] Indicators: SMA: FRESH (1000ms ago) | EMA: FRESH (1000ms ago) | PRICE: FRESH (2000ms ago)
2020-09-13 20:29:04,000 - INFO - OperationLogger.src.strategy.strategy_manager - [StrategyManager_STRATEGY_MANAGER] [STRATEGY_STATS] Signal Counts (1m): ema_sma_divergence: 1
2020-09-13 20:29:04,000 - INFO - OperationLogger.src.trading.trade_manager - [TradeManager_BACKTEST_TRADE_MANAGER] [STATUS_HEARTBEAT] Position: None | 120.0 s History: 0 signals | 60.0 s Density: 0 signals | 24.0 s Density: 0 signals | Last Trade: N/A ms ago
2020-09-13 20:29:07,000 - INFO - OperationLogger.src.trading.signal_generator - [SignalGenerator_BACKTEST_SIGNAL_GEN] [STATUS_HEARTBEAT] Indicators: SMA: FRESH (2000ms ago) | EMA: FRESH (2000ms ago) | PRICE: FRESH (2000ms ago)
2020-09-13 20:29:10,000 - INFO - OperationLogger.src.strategy.strategy_manager - [StrategyManager_STRATEGY_MANAGER] [STRATEGY_STATS] Signal Counts (1m): ema_sma_divergence: 1
2020-09-13 20:29:11,000 - INFO - OperationLogger.src.trading.trade_manager - [TradeManager_BACKTEST_TRADE_MANAGER] [STATUS_HEARTBEAT] Position: None | 120.0 s History: 0 signals | 60.0 s Density: 0 signals | 24.0 s Density: 0 signals | Last Trade: N/A ms ago
2020-09-13 20:29:13,000 - INFO - OperationLogger.src.trading.signal_generator - [SignalGenerator_BACKTEST_SIGNAL_GEN] [STATUS_HEARTBEAT] Indicators: SMA: FRESH (1000ms ago) | EMA: FRESH (1000ms ago) | PRICE: FRESH (2000ms ago)
2020-09-13 20:29:23,000 - INFO - OperationLogger.src.strategy.strategy_manager - [StrategyManager_STRATEGY_MANAGER] [STRATEGY_STATS] Signal Counts (1m): ema_sma_divergence: 2
2020-09-13 20:29:25,000 - INFO - OperationLogger.src.trading.trade_manager - [TradeManager_BACKTEST_TRADE_MANAGER] [STATUS_HEARTBEAT] Position: None | 120.0 s History: 0 signals | 60.0 s Density: 0 signals | 24.0 s Density: 0 signals | Last Trade: N/A ms ago
2020-09-13 20:29:37,000 - INFO - OperationLogger.src.trading.signal_generator - [SignalGenerator_BACKTEST_SIGNAL_GEN] [STATUS_HEARTBEAT] Indicators: SMA: FRESH (0ms ago) | EMA: FRESH (0ms ago) | PRICE: FRESH (0ms ago)
2020-09-13 20:29:42,000 - INFO - OperationLogger.src.strategy.strategy_manager - [StrategyManager_STRATEGY_MANAGER] [STRATEGY_STATS] Signal Counts (1m): ema_sma_divergence: 3
2020-09-13 20:29:42,000 - INFO - OperationLogger.src.trading.trade_manager - [TradeManager_BACKTEST_TRADE_MANAGER] [STATUS_HEARTBEAT] Position: None | 120.0 s History: 0 signals | 60.0 s Density: 0 signals | 24.0 s Density: 0 signals | Last Trade: N/A ms ago
2020-09-13 20:29:44,000 - INFO - OperationLogger.src.trading.signal_generator - [SignalGenerator_BACKTEST_SIGNAL_GEN] [STATUS_HEARTBEAT] Indicators: SMA: FRESH (1000ms ago) | EMA: FRESH (1000ms ago) | PRICE: FRESH (1000ms ago)
2020-09-13 20:29:47,000 - INFO - OperationLogger.src.strategy.strategy_manager - [StrategyManager_STRATEGY_MANAGER] [STRATEGY_STATS] Signal Counts (1m): ema_sma_divergence: 1
2020-09-13 20:29:47,000 - INFO - OperationLogger.src.trading.trade_manager - [TradeManager_BACKTEST_TRADE_MANAGER] [STATUS_HEARTBEAT] Position: None | 120.0 s History: 0 signals | 60.0 s Density: 0 signals | 24.0 s Density: 0 signals | Last Trade: N/A ms ago
2020-09-13 20:29:49,000 - INFO - OperationLogger.src.trading.signal_generator - [SignalGenerator_BACKTEST_SIGNAL_GEN] [STATUS_HEARTBEAT] Indicators: SMA: FRESH (1000ms ago) | EMA: FRESH (1000ms ago) | PRICE: FRESH (2000ms ago)
2020-09-13 20:29:52,000 - INFO - OperationLogger.src.strategy.strategy_manager - [StrategyManager_STRATEGY_MANAGER] [STRATEGY_STATS] Signal Counts (1m): ema_sma_divergence: 1
2020-09-13 20:29:52,000 - INFO - OperationLogger.src.trading.trade_manager - [TradeManager_BACKTEST_TRADE_MANAGER] [STATUS_HEARTBEAT] Position: None | 120.0 s History: 0 signals | 60.0 s Density: 0 signals | 24.0 s Density: 0 signals | Last Trade: N/A ms ago
2020-09-13 20:29:56,000 - INFO - OperationLogger.src.trading.signal_generator - [SignalGenerator_BACKTEST_SIGNAL_GEN] [STATUS_HEARTBEAT] Indicators: SMA: FRESH (2000ms ago) | EMA: FRESH (2000ms ago) | PRICE: FRESH (2000ms ago)
2020-09-13 20:29:56,000 - INFO - OperationLogger.src.strategy.strategy_manager - [StrategyManager_STRATEGY_MANAGER] [STRATEGY_STATS] No signals generated in last interval.
2020-09-13 20:29:56,000 - INFO - OperationLogger.src.trading.trade_manager - [TradeManager_BACKTEST_TRADE_MANAGER] [STATUS_HEARTBEAT] Position: None | 120.0 s History: 0 signals | 60.0 s Density: 0 signals | 24.0 s Density: 0 signals | Last Trade: N/A ms ago
2020-09-13 20:29:59,000 - INFO - OperationLogger.src.trading.signal_generator - [SignalGenerator_BACKTEST_SIGNAL_GEN] [STATUS_HEARTBEAT] Indicators: SMA: FRESH (0ms ago) | EMA: FRESH (1000ms ago) | PRICE: FRESH (1000ms ago)
2020-09-13 20:30:01,000 - INFO - OperationLogger.src.strategy.strategy_manager - [StrategyManager_STRATEGY_MANAGER] [STRATEGY_STATS] Signal Counts (1m): ema_sma_divergence: 1
2020-09-13 20:30:01,000 - INFO - OperationLogger.src.trading.trade_manager - [TradeManager_BACKTEST_TRADE_MANAGER] [STATUS_HEARTBEAT] Position: None | 120.0 s History: 0 signals | 60.0 s Density: 0 signals | 24.0 s Density: 0 signals | Last Trade: N/A ms ago
2020-09-13 20:30:05,000 - INFO - OperationLogger.src.trading.signal_generator - [SignalGenerator_BACKTEST_SIGNAL_GEN] [STATUS_HEARTBEAT] Indicators: SMA: FRESH (1000ms ago) | EMA: FRESH (1000ms ago) | PRICE: FRESH (1000ms ago)
2020-09-13 20:30:07,000 - INFO - OperationLogger.src.strategy.strategy_manager - [StrategyManager_STRATEGY_MANAGER] [STRATEGY_STATS] Signal Counts (1m): ema_sma_divergence: 1
2020-09-13 20:30:07,000 - INFO - OperationLogger.src.trading.trade_manager - [TradeManager_BACKTEST_TRADE_MANAGER] [STATUS_HEARTBEAT] Position: None | 120.0 s History: 0 signals | 60.0 s Density: 0 signals | 24.0 s Density: 0 signals | Last Trade: N/A ms ago
2020-09-13 20:30:11,000 - INFO - OperationLogger.src.trading.signal_generator - [SignalGenerator_BACKTEST_SIGNAL_GEN] [STATUS_HEARTBEAT] Indicators: SMA: FRESH (0ms ago) | EMA: FRESH (0ms ago) | PRICE: FRESH (0ms ago)
2020-09-13 20:30:13,000 - INFO - OperationLogger.src.strategy.strategy_manager - [StrategyManager_STRATEGY_MANAGER] [STRATEGY_STATS] Signal Counts (1m): ema_sma_divergence: 1
2020-09-13 20:30:13,000 - INFO - OperationLogger.src.trading.trade_manager - [TradeManager_BACKTEST_TRADE_MANAGER] [STATUS_HEARTBEAT] Position: None | 120.0 s History: 0 signals | 60.0 s Density: 0 signals | 24.0 s Density: 0 signals | Last Trade: N/A ms ago
2020-09-13 20:30:17,000 - INFO - OperationLogger.src.trading.signal_generator - [SignalGenerator_BACKTEST_SIGNAL_GEN] [STATUS_HEARTBEAT] Indicators: SMA: FRESH (1000ms ago) | EMA: FRESH (1000ms ago) | PRICE: FRESH (1000ms ago)
2020-09-13 20:30:18,000 - INFO - OperationLogger.src.strategy.strategy_manager - [StrategyManager_STRATEGY_MANAGER] [STRATEGY_STATS] Signal Counts (1m): ema_sma_divergence: 1
2020-09-13 20:30:18,000 - INFO - OperationLogger.src.trading.trade_manager - [TradeManager_BACKTEST_TRADE_MANAGER] [STATUS_HEARTBEAT] Position: None | 120.0 s History: 0 signals | 60.0 s Density: 0 signals | 24.0 s Density: 0 signals | Last Trade: N/A ms ago
2020-09-13 20:30:24,000 - INFO - OperationLogger.src.trading.signal_generator - [SignalGenerator_BACKTEST_SIGNAL_GEN] [STATUS_HEARTBEAT] Indicators: SMA: FRESH (1000ms ago) | EMA: FRESH (1000ms ago) | PRICE: FRESH (1000ms ago)
2020-09-13 20:30:24,000 - INFO - OperationLogger.src.strategy.strategy_manager - [StrategyManager_STRATEGY_MANAGER] [STRATEGY_STATS] Signal Counts (1m): ema_sma_divergence: 1
2020-09-13 20:30:24,000 - INFO - OperationLogger.src.trading.trade_manager - [TradeManager_BACKTEST_TRADE_MANAGER] [STATUS_HEARTBEAT] Position: None | 120.0 s History: 0 signals | 60.0 s Density: 0 signals | 24.0 s Density: 0 signals | Last Trade: N/A ms ago
2020-09-13 20:30:30,000 - INFO - OperationLogger.src.strategy.strategy_manager - [StrategyManager_STRATEGY_MANAGER] [STRATEGY_STATS] Signal Counts (1m): ema_sma_divergence: 1
2020-09-13 20:30:30,000 - INFO - OperationLogger.src.trading.signal_generator - [SignalGenerator_BACKTEST_SIGNAL_GEN] [STATUS_HEARTBEAT] Indicators: SMA: FRESH (1000ms ago) | EMA: FRESH (1000ms ago) | PRICE: FRESH (2000ms ago)
2020-09-13 20:30:30,000 - INFO - OperationLogger.src.trading.trade_manager - [TradeManager_BACKTEST_TRADE_MANAGER] [STATUS_HEARTBEAT] Position: None | 120.0 s History: 0 signals | 60.0 s Density: 0 signals | 24.0 s Density: 0 signals | Last Trade: N/A ms ago
2020-09-13 20:30:36,000 - INFO - OperationLogger.src.strategy.strategy_manager - [StrategyManager_STRATEGY_MANAGER] [STRATEGY_STATS] Signal Counts (1m): ema_sma_divergence: 1
2020-09-13 20:30:37,000 - INFO - OperationLogger.src.trading.trade_manager - [TradeManager_BACKTEST_TRADE_MANAGER] [STATUS_HEARTBEAT] Position: None | 120.0 s History: 0 signals | 60.0 s Density: 0 signals | 24.0 s Density: 0 signals | Last Trade: N/A ms ago
2020-09-13 20:30:37,000 - INFO - OperationLogger.src.trading.signal_generator - [SignalGenerator_BACKTEST_SIGNAL_GEN] [STATUS_HEARTBEAT] Indicators: SMA: FRESH (2000ms ago) | EMA: FRESH (2000ms ago) | PRICE: FRESH (2000ms ago)
2020-09-13 20:30:43,000 - INFO - OperationLogger.src.strategy.strategy_manager - [StrategyManager_STRATEGY_MANAGER] [STRATEGY_STATS] Signal Counts (1m): ema_sma_divergence: 1, death_cross: 1, ema_trend_follow_sell: 1, price_moving_average_sell: 1
2020-09-13 20:30:43,000 - INFO - OperationLogger.src.trading.trade_manager - [TradeManager_BACKTEST_TRADE_MANAGER] [STATUS_HEARTBEAT] Position: None | 120.0 s History: 3 signals | 60.0 s Density: 3 signals | 24.0 s Density: 3 signals | Last Trade: N/A ms ago
2020-09-13 20:30:44,000 - INFO - OperationLogger.src.trading.signal_generator - [SignalGenerator_BACKTEST_SIGNAL_GEN] [STATUS_HEARTBEAT] Indicators: SMA: FRESH (0ms ago) | EMA: FRESH (1000ms ago) | PRICE: FRESH (1000ms ago)
2020-09-13 20:30:49,000 - INFO - OperationLogger.src.trading.trade_manager - [TradeManager_BACKTEST_TRADE_MANAGER] [STATUS_HEARTBEAT] Position: None | 120.0 s History: 5 signals | 60.0 s Density: 5 signals | 24.0 s Density: 5 signals | Last Trade: N/A ms ago
2020-09-13 20:30:49,000 - INFO - OperationLogger.src.strategy.strategy_manager - [StrategyManager_STRATEGY_MANAGER] [STRATEGY_STATS] Signal Counts (1m): ema_sma_divergence: 1, price_moving_average_buy: 1, ema_trend_follow_sell: 1
2020-09-13 20:30:50,000 - INFO - OperationLogger.src.trading.signal_generator - [SignalGenerator_BACKTEST_SIGNAL_GEN] [STATUS_HEARTBEAT] Indicators: SMA: FRESH (0ms ago) | EMA: FRESH (1000ms ago) | PRICE: FRESH (1000ms ago)
2020-09-13 20:30:55,000 - INFO - OperationLogger.src.trading.trade_manager - [TradeManager_BACKTEST_TRADE_MANAGER] [STATUS_HEARTBEAT] Position: None | 120.0 s History: 8 signals | 60.0 s Density: 8 signals | 24.0 s Density: 8 signals | Last Trade: N/A ms ago
2020-09-13 20:30:55,000 - INFO - OperationLogger.src.strategy.strategy_manager - [StrategyManager_STRATEGY_MANAGER] [STRATEGY_STATS] Signal Counts (1m): death_cross: 1, ema_trend_follow_sell: 1, price_moving_average_buy: 1, ema_sma_divergence: 1
2020-09-13 20:30:57,000 - INFO - OperationLogger.src.trading.signal_generator - [SignalGenerator_BACKTEST_SIGNAL_GEN] [STATUS_HEARTBEAT] Indicators: SMA: FRESH (1000ms ago) | EMA: FRESH (2000ms ago) | PRICE: FRESH (2000ms ago)
2020-09-13 20:31:01,000 - INFO - OperationLogger.src.trading.trade_manager - [TradeManager_BACKTEST_TRADE_MANAGER] [STATUS_HEARTBEAT] Position: None | 120.0 s History: 11 signals | 60.0 s Density: 11 signals | 24.0 s Density: 11 signals | Last Trade: N/A ms ago
2020-09-13 20:31:01,000 - INFO - OperationLogger.src.strategy.strategy_manager - [StrategyManager_STRATEGY_MANAGER] [STRATEGY_STATS] Signal Counts (1m): death_cross: 1, ema_sma_divergence: 1, ema_trend_follow_sell: 1, price_moving_average_sell: 1
2020-09-13 20:31:03,000 - INFO - OperationLogger.src.trading.signal_generator - [SignalGenerator_BACKTEST_SIGNAL_GEN] [STATUS_HEARTBEAT] Indicators: SMA: FRESH (1000ms ago) | EMA: FRESH (1000ms ago) | PRICE: FRESH (1000ms ago)
2020-09-13 20:31:07,000 - INFO - OperationLogger.src.trading.trade_manager - [TradeManager_BACKTEST_TRADE_MANAGER] [STATUS_HEARTBEAT] Position: None | 120.0 s History: 13 signals | 60.0 s Density: 13 signals | 24.0 s Density: 13 signals | Last Trade: N/A ms ago
2020-09-13 20:31:07,000 - INFO - OperationLogger.src.strategy.strategy_manager - [StrategyManager_STRATEGY_MANAGER] [STRATEGY_STATS] Signal Counts (1m): death_cross: 1, ema_trend_follow_sell: 1, ema_sma_divergence: 1
2020-09-13 20:31:09,000 - INFO - OperationLogger.src.trading.signal_generator - [SignalGenerator_BACKTEST_SIGNAL_GEN] [STATUS_HEARTBEAT] Indicators: SMA: FRESH (1000ms ago) | EMA: FRESH (2000ms ago) | PRICE: FRESH (2000ms ago)
2020-09-13 20:31:13,000 - INFO - OperationLogger.src.trading.trade_manager - [TradeManager_BACKTEST_TRADE_MANAGER] [STATUS_HEARTBEAT] Position: None | 120.0 s History: 17 signals | 60.0 s Density: 17 signals | 24.0 s Density: 12 signals | Last Trade: N/A ms ago
2020-09-13 20:31:13,000 - INFO - OperationLogger.src.strategy.strategy_manager - [StrategyManager_STRATEGY_MANAGER] [STRATEGY_STATS] Signal Counts (1m): price_moving_average_buy: 1, ema_trend_follow_sell: 1, price_moving_average_sell: 1, death_cross: 1, ema_sma_divergence: 1
2020-09-13 20:31:14,000 - INFO - OperationLogger.src.trading.signal_generator - [SignalGenerator_BACKTEST_SIGNAL_GEN] [STATUS_HEARTBEAT] Indicators: SMA: FRESH (1000ms ago) | EMA: FRESH (1000ms ago) | PRICE: FRESH (1000ms ago)
2020-09-13 20:31:18,000 - INFO - OperationLogger.src.trading.trade_manager - [TradeManager_BACKTEST_TRADE_MANAGER] [STATUS_HEARTBEAT] Position: None | 120.0 s History: 20 signals | 60.0 s Density: 20 signals | 24.0 s Density: 12 signals | Last Trade: N/A ms ago
2020-09-13 20:31:18,000 - INFO - OperationLogger.src.strategy.strategy_manager - [StrategyManager_STRATEGY_MANAGER] [STRATEGY_STATS] Signal Counts (1m): ema_trend_follow_sell: 1, price_moving_average_sell: 1, death_cross: 1
2020-09-13 20:31:20,000 - INFO - OperationLogger.src.trading.signal_generator - [SignalGenerator_BACKTEST_SIGNAL_GEN] [STATUS_HEARTBEAT] Indicators: SMA: FRESH (1000ms ago) | EMA: FRESH (1000ms ago) | PRICE: FRESH (2000ms ago)
2020-09-13 20:31:24,000 - INFO - OperationLogger.src.trading.trade_manager - [TradeManager_BACKTEST_TRADE_MANAGER] [STATUS_HEARTBEAT] Position: None | 120.0 s History: 23 signals | 60.0 s Density: 23 signals | 24.0 s Density: 12 signals | Last Trade: N/A ms ago
2020-09-13 20:31:24,000 - INFO - OperationLogger.src.strategy.strategy_manager - [StrategyManager_STRATEGY_MANAGER] [STRATEGY_STATS] Signal Counts (1m): price_moving_average_sell: 2, ema_trend_follow_sell: 1, ema_sma_divergence: 1
2020-09-13 20:31:27,000 - INFO - OperationLogger.src.trading.signal_generator - [SignalGenerator_BACKTEST_SIGNAL_GEN] [STATUS_HEARTBEAT] Indicators: SMA: FRESH (2000ms ago) | EMA: FRESH (2000ms ago) | PRICE: FRESH (3000ms ago)
2020-09-13 20:31:27,000 - INFO - OperationLogger.src.trading.trade_manager - [TradeManager_BACKTEST_TRADE_MANAGER] [STATUS_HEARTBEAT] Position: None | 120.0 s History: 25 signals | 60.0 s Density: 25 signals | 24.0 s Density: 14 signals | Last Trade: N/A ms ago
2020-09-13 20:31:27,000 - INFO - OperationLogger.src.strategy.strategy_manager - [StrategyManager_STRATEGY_MANAGER] [STRATEGY_STATS] Signal Counts (1m): ema_trend_follow_sell: 1, death_cross: 1, ema_sma_divergence: 1
2020-09-13 20:31:33,000 - INFO - OperationLogger.src.trading.signal_generator - [SignalGenerator_BACKTEST_SIGNAL_GEN] [STATUS_HEARTBEAT] Indicators: SMA: FRESH (2000ms ago) | EMA: FRESH (2000ms ago) | PRICE: FRESH (3000ms ago)
2020-09-13 20:31:33,000 - INFO - OperationLogger.src.trading.trade_manager - [TradeManager_BACKTEST_TRADE_MANAGER] [STATUS_HEARTBEAT] Position: None | 120.0 s History: 28 signals | 60.0 s Density: 28 signals | 24.0 s Density: 14 signals | Last Trade: N/A ms ago
2020-09-13 20:31:35,000 - INFO - OperationLogger.src.strategy.strategy_manager - [StrategyManager_STRATEGY_MANAGER] [STRATEGY_STATS] Signal Counts (1m): price_moving_average_sell: 2, ema_trend_follow_sell: 1, ema_sma_divergence: 1, death_cross: 1
2020-09-13 20:31:39,000 - INFO - OperationLogger.src.trading.signal_generator - [SignalGenerator_BACKTEST_SIGNAL_GEN] [STATUS_HEARTBEAT] Indicators: SMA: FRESH (0ms ago) | EMA: FRESH (1000ms ago) | PRICE: FRESH (1000ms ago)
2020-09-13 20:31:41,000 - INFO - OperationLogger.src.trading.trade_manager - [TradeManager_BACKTEST_TRADE_MANAGER] [STATUS_HEARTBEAT] Position: None | 120.0 s History: 33 signals | 60.0 s Density: 33 signals | 24.0 s Density: 14 signals | Last Trade: N/A ms ago
2020-09-13 20:31:42,000 - INFO - OperationLogger.src.strategy.strategy_manager - [StrategyManager_STRATEGY_MANAGER] [STRATEGY_STATS] Signal Counts (1m): ema_trend_follow_sell: 2, ema_sma_divergence: 1, death_cross: 1, price_moving_average_sell: 1
2020-09-13 20:31:43,000 - INFO - OperationLogger.src.data.data_manager - [DataManager_BACKTEST_DATA_MANAGER] [DATA_CLEANUP] Action: skipped | Rows: 302 | All within 1h retention window
2020-09-13 20:31:47,000 - INFO - OperationLogger.src.trading.signal_generator - [SignalGenerator_BACKTEST_SIGNAL_GEN] [STATUS_HEARTBEAT] Indicators: SMA: FRESH (1000ms ago) | EMA: FRESH (1000ms ago) | PRICE: FRESH (1000ms ago)
2020-09-13 20:31:48,000 - INFO - OperationLogger.src.trading.trade_manager - [TradeManager_BACKTEST_TRADE_MANAGER] [STATUS_HEARTBEAT] Position: None | 120.0 s History: 36 signals | 60.0 s Density: 33 signals | 24.0 s Density: 14 signals | Last Trade: N/A ms ago
2020-09-13 20:31:48,000 - INFO - OperationLogger.src.strategy.strategy_manager - [StrategyManager_STRATEGY_MANAGER] [STRATEGY_STATS] Signal Counts (1m): ema_sma_divergence: 1, ema_trend_follow_sell: 1, price_moving_average_sell: 1, death_cross: 1
2020-09-13 20:31:54,000 - INFO - OperationLogger.src.trading.signal_generator - [SignalGenerator_BACKTEST_SIGNAL_GEN] [STATUS_HEARTBEAT] Indicators: SMA: FRESH (0ms ago) | EMA: FRESH (1000ms ago) | PRICE: FRESH (1000ms ago)
2020-09-13 20:31:57,000 - INFO - OperationLogger.src.trading.trade_manager - [TradeManager_BACKTEST_TRADE_MANAGER] [STATUS_HEARTBEAT] Position: None | 120.0 s History: 41 signals | 60.0 s Density: 33 signals | 24.0 s Density: 14 signals | Last Trade: N/A ms ago
2020-09-13 20:31:57,000 - INFO - OperationLogger.src.strategy.strategy_manager - [StrategyManager_STRATEGY_MANAGER] [STRATEGY_STATS] Signal Counts (1m): ema_sma_divergence: 2, price_moving_average_sell: 2, ema_trend_follow_sell: 2, death_cross: 1
2020-09-13 20:32:02,000 - INFO - OperationLogger.src.trading.signal_generator - [SignalGenerator_BACKTEST_SIGNAL_GEN] [STATUS_HEARTBEAT] Indicators: SMA: FRESH (0ms ago) | EMA: FRESH (1000ms ago) | PRICE: FRESH (1000ms ago)
2020-09-13 20:32:03,000 - INFO - OperationLogger.src.trading.trade_manager - [TradeManager_BACKTEST_TRADE_MANAGER] [STATUS_HEARTBEAT] Position: None | 120.0 s History: 44 signals | 60.0 s Density: 33 signals | 24.0 s Density: 14 signals | Last Trade: N/A ms ago
2020-09-13 20:32:03,000 - INFO - OperationLogger.src.strategy.strategy_manager - [StrategyManager_STRATEGY_MANAGER] [STRATEGY_STATS] Signal Counts (1m): price_moving_average_sell: 1, ema_trend_follow_sell: 1, death_cross: 1, ema_sma_divergence: 1
2020-09-13 20:32:08,000 - INFO - OperationLogger.src.trading.signal_generator - [SignalGenerator_BACKTEST_SIGNAL_GEN] [STATUS_HEARTBEAT] Indicators: SMA: FRESH (1000ms ago) | EMA: FRESH (2000ms ago) | PRICE: FRESH (2000ms ago)
2020-09-13 20:32:08,000 - INFO - OperationLogger.src.trading.trade_manager - [TradeManager_BACKTEST_TRADE_MANAGER] [STATUS_HEARTBEAT] Position: None | 120.0 s History: 46 signals | 60.0 s Density: 33 signals | 24.0 s Density: 13 signals | Last Trade: N/A ms ago
2020-09-13 20:32:08,000 - INFO - OperationLogger.src.strategy.strategy_manager - [StrategyManager_STRATEGY_MANAGER] [STRATEGY_STATS] Signal Counts (1m): price_moving_average_sell: 1, ema_trend_follow_sell: 1
2020-09-13 20:32:15,000 - INFO - OperationLogger.src.trading.signal_generator - [SignalGenerator_BACKTEST_SIGNAL_GEN] [STATUS_HEARTBEAT] Indicators: SMA: FRESH (1000ms ago) | EMA: FRESH (2000ms ago) | PRICE: FRESH (2000ms ago)
2020-09-13 20:32:15,000 - INFO - OperationLogger.src.trading.trade_manager - [TradeManager_BACKTEST_TRADE_MANAGER] [STATUS_HEARTBEAT] Position: None | 120.0 s History: 50 signals | 60.0 s Density: 31 signals | 24.0 s Density: 12 signals | Last Trade: N/A ms ago
2020-09-13 20:32:15,000 - INFO - OperationLogger.src.strategy.strategy_manager - [StrategyManager_STRATEGY_MANAGER] [STRATEGY_STATS] Signal Counts (1m): death_cross: 1, ema_sma_divergence: 1, price_moving_average_sell: 2, ema_trend_follow_sell: 1
2020-09-13 20:32:23,000 - INFO - OperationLogger.src.trading.trade_manager - [TradeManager_BACKTEST_TRADE_MANAGER] [STATUS_HEARTBEAT] Position: None | 120.0 s History: 54 signals | 60.0 s Density: 32 signals | 24.0 s Density: 13 signals | Last Trade: N/A ms ago
2020-09-13 20:32:24,000 - INFO - OperationLogger.src.trading.signal_generator - [SignalGenerator_BACKTEST_SIGNAL_GEN] [STATUS_HEARTBEAT] Indicators: SMA: FRESH (1000ms ago) | EMA: FRESH (1000ms ago) | PRICE: FRESH (2000ms ago)
2020-09-13 20:32:24,000 - INFO - OperationLogger.src.strategy.strategy_manager - [StrategyManager_STRATEGY_MANAGER] [STRATEGY_STATS] Signal Counts (1m): ema_sma_divergence: 2, ema_trend_follow_sell: 2, death_cross: 1, price_moving_average_sell: 1
2020-09-13 20:32:29,000 - INFO - OperationLogger.src.trading.trade_manager - [TradeManager_BACKTEST_TRADE_MANAGER] [STATUS_HEARTBEAT] Position: None | 120.0 s History: 57 signals | 60.0 s Density: 32 signals | 24.0 s Density: 13 signals | Last Trade: N/A ms ago
2020-09-13 20:32:29,000 - INFO - OperationLogger.src.strategy.strategy_manager - [StrategyManager_STRATEGY_MANAGER] [STRATEGY_STATS] Signal Counts (1m): price_moving_average_sell: 1, ema_trend_follow_sell: 1, death_cross: 1
2020-09-13 20:32:29,000 - INFO - OperationLogger.src.trading.signal_generator - [SignalGenerator_BACKTEST_SIGNAL_GEN] [STATUS_HEARTBEAT] Indicators: SMA: FRESH (2000ms ago) | EMA: FRESH (2000ms ago) | PRICE: FRESH (2000ms ago)
2020-09-13 20:32:34,000 - INFO - OperationLogger.src.trading.trade_manager - [TradeManager_BACKTEST_TRADE_MANAGER] [STATUS_HEARTBEAT] Position: None | 120.0 s History: 60 signals | 60.0 s Density: 32 signals | 24.0 s Density: 14 signals | Last Trade: N/A ms ago
2020-09-13 20:32:34,000 - INFO - OperationLogger.src.strategy.strategy_manager - [StrategyManager_STRATEGY_MANAGER] [STRATEGY_STATS] Signal Counts (1m): ema_sma_divergence: 1, price_moving_average_sell: 1, ema_trend_follow_sell: 1, death_cross: 1
2020-09-13 20:32:36,000 - INFO - OperationLogger.src.trading.signal_generator - [SignalGenerator_BACKTEST_SIGNAL_GEN] [STATUS_HEARTBEAT] Indicators: SMA: FRESH (2000ms ago) | EMA: FRESH (2000ms ago) | PRICE: FRESH (3000ms ago)
2020-09-13 20:32:37,000 - INFO - TradingLogger.src.trading.trade_manager - [TradeManager_BACKTEST_TRADE_MANAGER] Trade Signal: SELL Entry Price: 65975.7 Amount: 1500.0 USDT or 0.227 BTC It is a NEW order.
2020-09-13 20:32:41,000 - INFO - OperationLogger.src.trading.trade_manager - [TradeManager_BACKTEST_TRADE_MANAGER] [STATUS_HEARTBEAT] Position: SELL (0.2270 BTC) | 120.0 s History: 61 signals | 60.0 s Density: 28 signals | 24.0 s Density: 10 signals | Last Trade: 4000 ms ago
2020-09-13 20:32:41,000 - INFO - OperationLogger.src.strategy.strategy_manager - [StrategyManager_STRATEGY_MANAGER] [STRATEGY_STATS] Signal Counts (1m): ema_trend_follow_sell: 2, ema_sma_divergence: 1, death_cross: 1
2020-09-13 20:32:42,000 - INFO - OperationLogger.src.trading.signal_generator - [SignalGenerator_BACKTEST_SIGNAL_GEN] [STATUS_HEARTBEAT] Indicators: SMA: FRESH (1000ms ago) | EMA: FRESH (1000ms ago) | PRICE: FRESH (2000ms ago)
2020-09-13 20:32:45,000 - INFO - OperationLogger.src.trading.trade_manager - [TradeManager_BACKTEST_TRADE_MANAGER] [STATUS_HEARTBEAT] Position: SELL (0.2270 BTC) | 120.0 s History: 61 signals | 60.0 s Density: 31 signals | 24.0 s Density: 11 signals | Last Trade: 8000 ms ago
2020-09-13 20:32:45,000 - INFO - OperationLogger.src.strategy.strategy_manager - [StrategyManager_STRATEGY_MANAGER] [STRATEGY_STATS] Signal Counts (1m): price_moving_average_sell: 1, ema_sma_divergence: 1
2020-09-13 20:32:47,000 - INFO - OperationLogger.src.trading.signal_generator - [SignalGenerator_BACKTEST_SIGNAL_GEN] [STATUS_HEARTBEAT] Indicators: SMA: FRESH (1000ms ago) | EMA: FRESH (1000ms ago) | PRICE: FRESH (2000ms ago)
2020-09-13 20:32:51,000 - INFO - OperationLogger.src.trading.trade_manager - [TradeManager_BACKTEST_TRADE_MANAGER] [STATUS_HEARTBEAT] Position: SELL (0.2270 BTC) | 120.0 s History: 63 signals | 60.0 s Density: 31 signals | 24.0 s Density: 14 signals | Last Trade: 14000 ms ago
2020-09-13 20:32:51,000 - INFO - OperationLogger.src.strategy.strategy_manager - [StrategyManager_STRATEGY_MANAGER] [STRATEGY_STATS] Signal Counts (1m): ema_trend_follow_sell: 2, price_moving_average_sell: 2, ema_sma_divergence: 1, death_cross: 1
2020-09-13 20:32:54,000 - INFO - OperationLogger.src.trading.signal_generator - [SignalGenerator_BACKTEST_SIGNAL_GEN] [STATUS_HEARTBEAT] Indicators: SMA: FRESH (1000ms ago) | EMA: FRESH (1000ms ago) | PRICE: FRESH (1000ms ago)
2020-09-13 20:32:58,000 - INFO - OperationLogger.src.trading.trade_manager - [TradeManager_BACKTEST_TRADE_MANAGER] [STATUS_HEARTBEAT] Position: SELL (0.2270 BTC) | 120.0 s History: 63 signals | 60.0 s Density: 31 signals | 24.0 s Density: 13 signals | Last Trade: 21000 ms ago
2020-09-13 20:32:59,000 - INFO - OperationLogger.src.strategy.strategy_manager - [StrategyManager_STRATEGY_MANAGER] [STRATEGY_STATS] Signal Counts (1m): ema_sma_divergence: 1, death_cross: 1, price_moving_average_sell: 1, ema_trend_follow_sell: 1
2020-09-13 20:33:01,000 - INFO - OperationLogger.src.trading.signal_generator - [SignalGenerator_BACKTEST_SIGNAL_GEN] [STATUS_HEARTBEAT] Indicators: SMA: FRESH (0ms ago) | EMA: FRESH (2000ms ago) | PRICE: FRESH (2000ms ago)
DataLoader finished. Processed 96 15m intervals.
[FINISHED] Processed 1 files in 1600000384.00 seconds.

==================================================
BACKTEST PERFORMANCE REPORT
==================================================
Initial Balance:  $10,000.00
Final Balance:    $9,992.51
Total PnL:        $-7.49 (-0.07%)
Total Trades:     1
==================================================

2020-09-13 20:33:04,000 - INFO - OperationLogger.src.trading.trade_manager - [TradeManager_BACKTEST_TRADE_MANAGER] [STATUS_HEARTBEAT] Position: SELL (0.2270 BTC) | 120.0 s History: 64 signals | 60.0 s Density: 31 signals | 24.0 s Density: 14 signals | Last Trade: 27000 ms ago
2020-09-13 20:33:04,000 - INFO - OperationLogger.src.strategy.strategy_manager - [StrategyManager_STRATEGY_MANAGER] [STRATEGY_STATS] Signal Counts (1m): ema_sma_divergence: 1, price_moving_average_sell: 1, ema_trend_follow_sell: 1, death_cross: 1
2020-09-13 20:33:04,000 - INFO - OperationLogger.src.trading.signal_generator - [SignalGenerator_BACKTEST_SIGNAL_GEN] [STATUS_HEARTBEAT] Indicators: SMA: FRESH (0ms ago) | EMA: FRESH (0ms ago) | PRICE: FRESH (0ms ago)
2020-09-13 20:33:04,000 - INFO - OperationLogger.src.trading.trade_manager - [TradeManager_BACKTEST_TRADE_MANAGER] [STATUS_HEARTBEAT] Position: SELL (0.2270 BTC) | 120.0 s History: 64 signals | 60.0 s Density: 31 signals | 24.0 s Density: 14 signals | Last Trade: 27000 ms ago
2020-09-13 20:33:04,000 - INFO - OperationLogger.src.strategy.strategy_manager - [StrategyManager_STRATEGY_MANAGER] [STRATEGY_STATS] No signals generated in last interval.
2020-09-13 20:33:04,000 - INFO - OperationLogger.src.trading.signal_generator - [SignalGenerator_BACKTEST_SIGNAL_GEN] [STATUS_HEARTBEAT] Indicators: SMA: FRESH (0ms ago) | EMA: FRESH (0ms ago) | PRICE: FRESH (0ms ago)
2020-09-13 20:33:04,000 - INFO - OperationLogger.src.trading.trade_manager - [TradeManager_BACKTEST_TRADE_MANAGER] [STATUS_HEARTBEAT] Position: SELL (0.2270 BTC) | 120.0 s History: 64 signals | 60.0 s Density: 31 signals | 24.0 s Density: 14 signals | Last Trade: 27000 ms ago
2020-09-13 20:33:04,000 - INFO - OperationLogger.src.strategy.strategy_manager - [StrategyManager_STRATEGY_MANAGER] [STRATEGY_STATS] No signals generated in last interval.
